[20452:19196:0130/164150.883:WARNING:chrome_main_delegate.cc(745)] This is Chrome version 128.0.6613.138 (not a warning)
[20452:19196:0130/164150.925:ERROR:os_crypt_win.cc(100)] Failed to decrypt: Clé non valide pour l’utilisation dans l’état spécifié. (0x8009000B)
[20452:20084:0130/164150.947:ERROR:google_update_settings.cc(265)] Failed opening key Software\Chromium to set usagestats; result: 5
[20452:19196:0130/164150.977:WARNING:account_consistency_mode_manager.cc(77)] Desktop Identity Consistency cannot be enabled as no OAuth client ID and client secret have been configured.
[20452:19196:0130/164154.194:WARNING:external_registry_loader_win.cc(232)] Error observing HKLM: 5
[20452:9272:0130/164154.195:WARNING:leveldb_database.cc(141)] Unable to open D:\UnReal Projects\FirstGameUnrealEngine5\FirstProjectUnreal5\Saved\webcache_6613\Default\shared_proto_db\metadata: IO error: D:\UnReal Projects\FirstGameUnrealEngine5\FirstProjectUnreal5\Saved\webcache_6613\Default\shared_proto_db\metadata/MANIFEST-000001: Unable to create sequential file (ChromeMethodBFE: 7::NewSequentialFile::1)
[20452:20776:0130/164154.246:WARNING:leveldb_database.cc(141)] Unable to open D:\UnReal Projects\FirstGameUnrealEngine5\FirstProjectUnreal5\Saved\webcache_6613\Default\shared_proto_db\metadata: IO error: D:\UnReal Projects\FirstGameUnrealEngine5\FirstProjectUnreal5\Saved\webcache_6613\Default\shared_proto_db\metadata/MANIFEST-000001: Unable to create sequential file (ChromeMethodBFE: 7::NewSequentialFile::1)
[20452:20776:0130/164154.415:WARNING:leveldb_database.cc(141)] Unable to open D:\UnReal Projects\FirstGameUnrealEngine5\FirstProjectUnreal5\Saved\webcache_6613\Default\shared_proto_db\metadata: IO error: D:\UnReal Projects\FirstGameUnrealEngine5\FirstProjectUnreal5\Saved\webcache_6613\Default\shared_proto_db\metadata/MANIFEST-000001: Unable to create sequential file (ChromeMethodBFE: 7::NewSequentialFile::1)
[20452:20776:0130/164154.418:WARNING:leveldb_database.cc(141)] Unable to open D:\UnReal Projects\FirstGameUnrealEngine5\FirstProjectUnreal5\Saved\webcache_6613\Default\shared_proto_db\metadata: IO error: D:\UnReal Projects\FirstGameUnrealEngine5\FirstProjectUnreal5\Saved\webcache_6613\Default\shared_proto_db\metadata/MANIFEST-000001: Unable to create sequential file (ChromeMethodBFE: 7::NewSequentialFile::1)
[20452:9272:0130/164155.050:WARNING:value_store_frontend.cc(47)] Reading ahfgeienlihckogmohjhadlkjgocpleb.alarms from  failed: IO error: .../MANIFEST-000001: Unable to create sequential file (ChromeMethodBFE: 7::NewSequentialFile::1)
[20452:9272:0130/164155.051:WARNING:value_store_frontend.cc(47)] Reading mhjfbmdgcfjbbpaeojofohoefgiehjai.alarms from  failed: IO error: .../MANIFEST-000001: Unable to create sequential file (ChromeMethodBFE: 7::NewSequentialFile::1)
[20192:17600:0130/164155.399:ERROR:backend_impl.cc(989)] Critical error found -8
[20192:17600:0130/164155.764:WARNING:storage_block-inl.h(138)] Failed data load.
[20452:21316:0130/164156.269:WARNING:leveldb_database.cc(141)] Unable to open D:\UnReal Projects\FirstGameUnrealEngine5\FirstProjectUnreal5\Saved\webcache_6613\Default\GCM Store\Encryption: IO error: D:\UnReal Projects\FirstGameUnrealEngine5\FirstProjectUnreal5\Saved\webcache_6613\Default\GCM Store\Encryption/MANIFEST-000001: Unable to create sequential file (ChromeMethodBFE: 7::NewSequentialFile::1)
[20452:19196:0130/164156.392:ERROR:device_event_log_impl.cc(196)] [16:41:56.063] USB: usb_service_win.cc:105 SetupDiGetDeviceProperty({{A45C254E-DF1C-4EFD-8020-67D146A850E0}, 6}) failed: Élément introuvable. (0x490)
[4864:18740:0130/164157.061:WARNING:frame_impl.cc(430)] virtual CefFrameImpl::SendProcessMessage sent to detached frame 5-7933F4DD9816F54E8277C37681477D75 will be ignored
[20452:1340:0130/164158.398:WARNING:browser_info.cc(345)] Returning a speculative frame for [8,9]
[20452:19196:0130/164158.441:WARNING:browser_info.cc(345)] Returning a speculative frame for [9,5]
[20452:19196:0130/164158.442:WARNING:browser_info.cc(345)] Returning a speculative frame for [9,5]
[20452:19196:0130/164158.442:WARNING:browser_info.cc(345)] Returning a speculative frame for [9,5]
[20452:19196:0130/164158.442:WARNING:browser_info.cc(345)] Returning a speculative frame for [9,5]
[20452:1340:0130/164158.474:WARNING:browser_info.cc(345)] Returning a speculative frame for [9,5]
[8816:6448:0130/172136.833:ERROR:shared_image_manager.cc(224)] SharedImageManager::ProduceSkia: Trying to Produce a Skia representation from a non-existent mailbox.
[8816:6448:0130/172136.835:ERROR:shared_image_manager.cc(224)] SharedImageManager::ProduceSkia: Trying to Produce a Skia representation from a non-existent mailbox.
[8816:6448:0130/172136.835:ERROR:shared_image_manager.cc(224)] SharedImageManager::ProduceSkia: Trying to Produce a Skia representation from a non-existent mailbox.
[8816:6448:0130/172136.837:ERROR:shared_image_manager.cc(224)] SharedImageManager::ProduceSkia: Trying to Produce a Skia representation from a non-existent mailbox.
[8816:6448:0130/172136.838:ERROR:shared_image_manager.cc(224)] SharedImageManager::ProduceSkia: Trying to Produce a Skia representation from a non-existent mailbox.
[8816:6448:0130/172136.839:ERROR:shared_image_manager.cc(224)] SharedImageManager::ProduceSkia: Trying to Produce a Skia representation from a non-existent mailbox.
[8816:6448:0130/172136.839:ERROR:shared_image_manager.cc(224)] SharedImageManager::ProduceSkia: Trying to Produce a Skia representation from a non-existent mailbox.
[8816:6448:0130/172136.840:ERROR:shared_image_manager.cc(224)] SharedImageManager::ProduceSkia: Trying to Produce a Skia representation from a non-existent mailbox.
[8816:6448:0130/172136.840:ERROR:shared_image_manager.cc(224)] SharedImageManager::ProduceSkia: Trying to Produce a Skia representation from a non-existent mailbox.
[8816:6448:0130/172136.841:ERROR:shared_image_manager.cc(224)] SharedImageManager::ProduceSkia: Trying to Produce a Skia representation from a non-existent mailbox.
[8816:6448:0130/172136.842:ERROR:shared_image_manager.cc(224)] SharedImageManager::ProduceSkia: Trying to Produce a Skia representation from a non-existent mailbox.
[8816:6448:0130/172136.843:ERROR:shared_image_manager.cc(224)] SharedImageManager::ProduceSkia: Trying to Produce a Skia representation from a non-existent mailbox.
[8816:6448:0130/172136.843:ERROR:shared_image_manager.cc(224)] SharedImageManager::ProduceSkia: Trying to Produce a Skia representation from a non-existent mailbox.
[8816:6448:0130/172137.713:ERROR:shared_image_manager.cc(224)] SharedImageManager::ProduceSkia: Trying to Produce a Skia representation from a non-existent mailbox.
[8816:6448:0130/172137.714:ERROR:shared_image_manager.cc(224)] SharedImageManager::ProduceSkia: Trying to Produce a Skia representation from a non-existent mailbox.
[8816:6448:0130/172137.716:ERROR:shared_image_manager.cc(224)] SharedImageManager::ProduceSkia: Trying to Produce a Skia representation from a non-existent mailbox.
[8816:6448:0130/172137.717:ERROR:shared_image_manager.cc(224)] SharedImageManager::ProduceSkia: Trying to Produce a Skia representation from a non-existent mailbox.
[8816:6448:0130/172137.719:ERROR:shared_image_manager.cc(224)] SharedImageManager::ProduceSkia: Trying to Produce a Skia representation from a non-existent mailbox.
[8816:6448:0130/172137.720:ERROR:shared_image_manager.cc(224)] SharedImageManager::ProduceSkia: Trying to Produce a Skia representation from a non-existent mailbox.
[8816:6448:0130/172137.721:ERROR:shared_image_manager.cc(224)] SharedImageManager::ProduceSkia: Trying to Produce a Skia representation from a non-existent mailbox.
[8816:6448:0130/172137.722:ERROR:shared_image_manager.cc(224)] SharedImageManager::ProduceSkia: Trying to Produce a Skia representation from a non-existent mailbox.
[8816:6448:0130/172137.722:ERROR:shared_image_manager.cc(224)] SharedImageManager::ProduceSkia: Trying to Produce a Skia representation from a non-existent mailbox.
[20452:19196:0130/172158.637:WARNING:pref_notifier_impl.cc(41)] Pref observer for media_router.cast_allow_all_ips found at shutdown.
